 Patn   Pattern          Cycle  Load   Observe  Clocks
 num    type             count  count  proc     used
 -----  ---------------  -----  -----  -------  -----------------------
 0      basic_scan        1/0   1      -        -
 1      basic_scan        1/0   1      -        -
 2      basic_scan        1/1   1      -        CLK
 3      basic_scan        1/1   1      -        CLK
 4      basic_scan        1/1   1      -        CLK
 5      basic_scan        1/1   1      -        CLK
 6      basic_scan        1/1   1      -        CLK
 7      basic_scan        1/1   1      -        CLK
 8      basic_scan        1/1   1      -        CLK
 9      basic_scan        1/1   1      -        CLK
 10     basic_scan        1/1   1      -        CLK
 11     basic_scan        1/1   1      -        CLK
 12     basic_scan        1/1   1      -        CLK
 13     basic_scan        1/1   1      -        CLK
 14     basic_scan        1/1   1      -        CLK
 15     basic_scan        1/1   1      -        CLK
 16     basic_scan        1/1   1      -        CLK
 17     basic_scan        1/1   1      -        CLK
 18     basic_scan        1/1   1      -        CLK
 19     basic_scan        1/1   1      -        CLK
 20     basic_scan        1/1   1      -        CLK
 21     basic_scan        1/1   1      -        CLK
 22     basic_scan        1/1   1      -        CLK
 23     basic_scan        1/1   1      -        CLK
 24     basic_scan        1/1   1      -        CLK
 25     basic_scan        1/1   1      -        CLK
 26     basic_scan        1/1   1      -        CLK
 27     basic_scan        1/1   1      -        CLK
 28     basic_scan        1/1   1      -        CLK
 29     basic_scan        1/1   1      -        CLK
 30     basic_scan        1/1   1      -        CLK
 31     basic_scan        1/1   1      -        CLK
 32     basic_scan        1/1   1      -        CLK
 33     basic_scan        1/1   1      -        CLK
 34     basic_scan        1/1   1      -        CLK
 35     basic_scan        1/1   1      -        CLK
 36     basic_scan        1/1   1      -        CLK
 37     basic_scan        1/1   1      -        CLK
 38     basic_scan        1/1   1      -        CLK
 39     basic_scan        1/1   1      -        CLK
 40     basic_scan        1/1   1      -        CLK
 41     basic_scan        1/1   1      -        CLK
 42     basic_scan        1/1   1      -        CLK
 43     basic_scan        1/1   1      -        CLK
 44     basic_scan        1/1   1      -        CLK
 45     basic_scan        1/1   1      -        CLK
 46     basic_scan        1/1   1      -        CLK
 47     basic_scan        1/1   1      -        CLK
 48     basic_scan        1/1   1      -        CLK
 49     basic_scan        1/1   1      -        CLK
 50     basic_scan        1/1   1      -        CLK
 51     basic_scan        1/1   1      -        CLK
 52     basic_scan        1/1   1      -        CLK
 53     basic_scan        1/1   1      -        CLK
 54     basic_scan        1/1   1      -        CLK
 55     basic_scan        1/1   1      -        CLK
 56     basic_scan        1/1   1      -        CLK
 57     basic_scan        1/1   1      -        CLK
 58     basic_scan        1/1   1      -        CLK
 59     basic_scan        1/1   1      -        CLK
 60     basic_scan        1/1   1      -        CLK
 61     basic_scan        1/1   1      -        CLK
 62     basic_scan        1/1   1      -        CLK
 63     basic_scan        1/1   1      -        CLK
 64     basic_scan        1/1   1      -        CLK
 65     basic_scan        1/1   1      -        CLK
 66     basic_scan        1/1   1      -        CLK
 67     basic_scan        1/1   1      -        CLK
 68     basic_scan        1/1   1      -        CLK
 69     basic_scan        1/1   1      -        CLK
 70     basic_scan        1/1   1      -        CLK
 71     basic_scan        1/1   1      -        CLK
 72     basic_scan        1/1   1      -        CLK
 73     basic_scan        1/1   1      -        CLK
 74     basic_scan        1/1   1      -        CLK
 75     basic_scan        1/1   1      -        CLK
 76     basic_scan        1/1   1      -        CLK
 77     basic_scan        1/1   1      -        CLK
 78     basic_scan        1/1   1      -        CLK
 79     basic_scan        1/1   1      -        CLK
 80     basic_scan        1/1   1      -        CLK
 81     basic_scan        1/1   1      -        CLK
 82     basic_scan        1/1   1      -        CLK
 83     basic_scan        1/1   1      -        CLK
 84     basic_scan        1/1   1      -        CLK
 85     basic_scan        1/1   1      -        CLK
 86     basic_scan        1/1   1      -        CLK
 87     basic_scan        1/1   1      -        CLK
 88     basic_scan        1/1   1      -        CLK
 89     basic_scan        1/1   1      -        CLK
 90     basic_scan        1/1   1      -        CLK
 91     basic_scan        1/1   1      -        CLK
 92     basic_scan        1/1   1      -        CLK
 93     basic_scan        1/1   1      -        CLK
 94     basic_scan        1/1   1      -        CLK
 95     basic_scan        1/1   1      -        CLK
 96     basic_scan        1/1   1      -        CLK
 97     basic_scan        1/1   1      -        CLK
 98     basic_scan        1/1   1      -        CLK
 99     basic_scan        1/1   1      -        CLK
 100    basic_scan        1/1   1      -        CLK
 101    basic_scan        1/1   1      -        CLK
 102    basic_scan        1/1   1      -        CLK
 103    basic_scan        1/1   1      -        CLK
 104    basic_scan        1/1   1      -        CLK
 105    basic_scan        1/1   1      -        CLK
 106    basic_scan        1/1   1      -        CLK
 107    basic_scan        1/1   1      -        CLK
 108    basic_scan        1/1   1      -        CLK
 109    basic_scan        1/1   1      -        CLK
 110    basic_scan        1/1   1      -        CLK
 111    basic_scan        1/1   1      -        CLK
 112    basic_scan        1/1   1      -        CLK
 113    basic_scan        1/1   1      -        CLK
 114    basic_scan        1/1   1      -        CLK
 115    basic_scan        1/1   1      -        CLK
 116    basic_scan        1/1   1      -        CLK
 117    basic_scan        1/1   1      -        CLK
 118    basic_scan        1/1   1      -        CLK
 119    basic_scan        1/1   1      -        CLK
 120    basic_scan        1/1   1      -        CLK
 121    basic_scan        1/1   1      -        CLK
 122    basic_scan        1/1   1      -        CLK
 123    basic_scan        1/1   1      -        CLK
 124    basic_scan        1/1   1      -        CLK
 125    basic_scan        1/1   1      -        CLK
 126    basic_scan        1/1   1      -        CLK
 127    basic_scan        1/1   1      -        CLK
 128    basic_scan        1/1   1      -        CLK
 129    basic_scan        1/1   1      -        CLK
 130    basic_scan        1/1   1      -        CLK
 131    basic_scan        1/1   1      -        CLK
 132    basic_scan        1/1   1      -        CLK
 133    basic_scan        1/1   1      -        CLK
 134    basic_scan        1/1   1      -        CLK
 135    basic_scan        1/1   1      -        CLK
 136    basic_scan        1/1   1      -        CLK
 137    basic_scan        1/1   1      -        CLK
 138    basic_scan        1/1   1      -        CLK
 139    basic_scan        1/1   1      -        CLK
 140    basic_scan        1/1   1      -        CLK
 141    basic_scan        1/1   1      -        CLK
 142    basic_scan        1/1   1      -        CLK
 143    basic_scan        1/1   1      -        CLK
 144    basic_scan        1/1   1      -        CLK
 145    basic_scan        1/1   1      -        CLK
 146    basic_scan        1/1   1      -        CLK
 147    basic_scan        1/1   1      -        CLK
 148    basic_scan        1/1   1      -        CLK
 149    basic_scan        1/1   1      -        CLK
 150    basic_scan        1/1   1      -        CLK
 151    basic_scan        1/1   1      -        CLK
 152    basic_scan        1/1   1      -        CLK
 153    basic_scan        1/1   1      -        CLK
 154    basic_scan        1/1   1      -        CLK
 155    basic_scan        1/1   1      -        CLK
 156    basic_scan        1/1   1      -        CLK
 157    basic_scan        1/1   1      -        CLK
 158    basic_scan        1/1   1      -        CLK
 159    basic_scan        1/1   1      -        CLK
 160    basic_scan        1/1   1      -        CLK
 161    basic_scan        1/1   1      -        CLK
 162    basic_scan        1/1   1      -        CLK
 163    basic_scan        1/1   1      -        CLK
 164    basic_scan        1/1   1      -        CLK
 165    basic_scan        1/1   1      -        CLK
 166    basic_scan        1/1   1      -        CLK
 167    basic_scan        1/1   1      -        CLK
 168    basic_scan        1/1   1      -        CLK
 169    basic_scan        1/1   1      -        CLK
 170    basic_scan        1/1   1      -        CLK
