 chain             group  #LE/#TE/#LS  input_pin           output_pin          clocks
 ----------------  -----  -----------  ------------------  ------------------  ------------------
 1                 core_group  52/0/0       U1                  DATA_A_reg_51_      CLK
 2                 core_group  52/0/0       U2                  DATA_A_reg_103_     CLK
 3                 core_group  52/0/0       U3                  DATA_B_reg_27_      CLK
 4                 core_group  52/0/0       U4                  DATA_B_reg_79_      CLK
 5                 core_group  51/0/0       U12                 OP_A_reg_52_        CLK
 6                 core_group  51/0/0       U13                 OP_A_reg_103_       CLK
 7                 core_group  51/0/0       U7                  O1_reg_104_         CLK
 8                 core_group  51/0/0       U9                  O2_reg_27_          CLK
 9                 core_group  51/0/0       U10                 O2_reg_78_          CLK
 10                core_group  51/0/0       U11                 OP_A_reg_1_         CLK
 11                core_group  51/0/0       U5                  O1_reg_2_           CLK
 12                core_group  51/0/0       U6                  O1_reg_53_          CLK
 13                core_group  51/0/0       U14                 OP_B_reg_26_        CLK
 14                core_group  51/0/0       U15                 OP_B_reg_77_        CLK
 15                core_group  51/0/0       U17                 OP_C_reg_0_         CLK
 16                core_group  51/0/0       U18                 OP_C_reg_51_        CLK
 17                core_group  51/0/0       U19                 OP_C_reg_102_       CLK
 18                core_group  51/0/0       U20                 OP_D_reg_25_        CLK
 19                core_group  51/0/0       U21                 OP_D_reg_76_        CLK
 20                core_group  51/0/0       U22                 OP_D_reg_127_       CLK
