 atpg =            allow_clockon_measures=no, abort_limit=10, analyze_untestable_faults=no, capture_cycles=0,
                   checkpoint=none, save_patterns=none,
                   coverage=100.00, partition_coverage=no, decision=norandom, di_analysis=yes,
                   full_seq_abort_limit=10, full_seq_atpg=no, full_seq_time=(10.0,0.0),
                   full_seq_merge=off, merge=off 5000, basic_min_detects_per_pattern=(0,40),
                   fast_min_detects_per_pattern=(0,40), full_min_detects_per_pattern=(0,40),
                   lete_fastseq=no, min_ateclock_cycles=none,
                   new_capture=no, patterns=0, quiet_padding_patterns=no, prevention=norandom, reset_bidis=yes,
                   store=yes, resim_atpg_patterns=off, extra_cycle=yes
                   summary=yes, time=(0.0,0.0), verbose=no,
                   post_capture_contention_prevention=no,
                   fill=random, adjacent_fill_range=0,
                   optimize_bridge_strengths=no, min_patterns_threshold=0,
                   power_budget=0,
                   domain={},
                   partition={},
                   power_effort=low,
                   seq_comp_optimizations=yes, misr_measure=once_per_pattern, seq_comp_chain_test=off,
                   seq_comp_shift_power_target=no -all,
                   xtol_enable_equivalence=no,
                   shift_power_budget=none, shift_controller_peak=none, shift_power_effort=none,
                   chain_test=0011, xtol_chain_diagnosis=OFF, single_load_per_pattern=no,
                   quiet_chain_test=no, load_mode=0, load_value=0,
                   fast_path_delay=yes,
                   limits_per_mode=no
                   streaming_xtol_chain_test=off,
                   streaming_xtol_chain_diagnosis=off,
                   timing_exceptions_au_analysis=no, calculate_power=no, parallel_strobe_data_file=none, replace_parallel_strobe_data_file=0, shared_io_analysis=no, clk_group_name=no, num_processes=0;
                   staggered_clocks=0
                   num_threads=8;
